<?xml version="1.0" encoding="ISO-8859-1"?>
<Dataset xmlns="http://xml.opendap.org/ns/DAP/4.0#" dapVersion="4.0" dmrVersion="1.0" name="function_results">
    <Int32 name="g1">
        <Dim size="4"/>
        <Attribute name="DAP4_Checksum_CRC32" type="String">
            <Value>af05d4ef</Value>
        </Attribute>
    </Int32>
    <UInt32 name="g2">
        <Dim size="2"/>
        <Dim size="2"/>
        <Attribute name="DAP4_Checksum_CRC32" type="String">
            <Value>7033a783</Value>
        </Attribute>
    </UInt32>
</Dataset>

The data:
Int32 g1[4] = {1, 2, 3, 4};
UInt32 g2[2][2] = {{21, 22},{23, 24}};

